// Jest Snapshot v1, https://goo.gl/fbAQLP

exports[`renders correctly 1`] = `
Array [
  <style>
    [object Object]
  </style>,
  <div
    className="bg"
  >
    <h2
      className="text"
    >
      Hi I am a random component
    </h2>
  </div>,
]
`;
